manifest should match snapshot:
  1: |
    metadata:
      annotations:
        foo: bar
